// Jest Snapshot v1, https://goo.gl/fbAQLP

exports[`Component rendered correctly -> OfferReviewItem 1`] = `
Array [
  <h2
    className="reviews__title"
  >
    Reviews Â· 
    <span
      className="reviews__amount"
    >
      3
    </span>
  </h2>,
  <ul
    className="reviews__list"
  >
    <li
      className="reviews__item"
    >
      <div
        className="reviews__user user"
      >
        <div
          className="reviews__avatar-wrapper user__avatar-wrapper"
        >
          <img
            alt="Reviews avatar"
            className="reviews__avatar user__avatar"
            height="54"
            src="https://assets.htmlacademy.ru/intensives/javascript-3/avatar/5.jpg"
            width="54"
          />
        </div>
        <span
          className="reviews__user-name"
        >
          Corey
        </span>
      </div>
      <div
        className="reviews__info"
      >
        <div
          className="reviews__rating rating"
        >
          <div
            className="reviews__stars rating__stars"
          >
            <span
              style={
                Object {
                  "width": "100%",
                }
              }
            />
            <span
              className="visually-hidden"
            >
              Rating
            </span>
          </div>
        </div>
        <p
          className="reviews__text"
        >
          The house is very good, very happy, hygienic and simple living conditions around it are also very good. I hope to have the opportunity to come back. Thank you.
        </p>
        <time
          className="reviews__time"
          dateTime="2020-11-01T13:38:44.752Z"
        >
          November 2020
        </time>
      </div>
    </li>
    <li
      className="reviews__item"
    >
      <div
        className="reviews__user user"
      >
        <div
          className="reviews__avatar-wrapper user__avatar-wrapper"
        >
          <img
            alt="Reviews avatar"
            className="reviews__avatar user__avatar"
            height="54"
            src="https://assets.htmlacademy.ru/intensives/javascript-3/avatar/3.jpg"
            width="54"
          />
        </div>
        <span
          className="reviews__user-name"
        >
          Isaac
        </span>
      </div>
      <div
        className="reviews__info"
      >
        <div
          className="reviews__rating rating"
        >
          <div
            className="reviews__stars rating__stars"
          >
            <span
              style={
                Object {
                  "width": "60%",
                }
              }
            />
            <span
              className="visually-hidden"
            >
              Rating
            </span>
          </div>
        </div>
        <p
          className="reviews__text"
        >
          The deluxe room was a quite comfortable one with all the adequate facilities. The only thing that made me feel uncomfortable was the rude behavior of an impolite staff at the reception desk.
        </p>
        <time
          className="reviews__time"
          dateTime="2020-11-01T13:38:44.752Z"
        >
          November 2020
        </time>
      </div>
    </li>
    <li
      className="reviews__item"
    >
      <div
        className="reviews__user user"
      >
        <div
          className="reviews__avatar-wrapper user__avatar-wrapper"
        >
          <img
            alt="Reviews avatar"
            className="reviews__avatar user__avatar"
            height="54"
            src="https://assets.htmlacademy.ru/intensives/javascript-3/avatar/6.jpg"
            width="54"
          />
        </div>
        <span
          className="reviews__user-name"
        >
          Kendall
        </span>
      </div>
      <div
        className="reviews__info"
      >
        <div
          className="reviews__rating rating"
        >
          <div
            className="reviews__stars rating__stars"
          >
            <span
              style={
                Object {
                  "width": "60%",
                }
              }
            />
            <span
              className="visually-hidden"
            >
              Rating
            </span>
          </div>
        </div>
        <p
          className="reviews__text"
        >
          I stayed here for one night and it was an unpleasant experience.
        </p>
        <time
          className="reviews__time"
          dateTime="2020-11-01T13:38:44.752Z"
        >
          November 2020
        </time>
      </div>
    </li>
  </ul>,
]
`;
