// Jest Snapshot v1, https://goo.gl/fbAQLP

exports[`HOC rendered correctly -> withReviewForm 1`] = `
<Context.Provider
  value={
    Object {
      "store": Object {
        "clearActions": [Function],
        "dispatch": [Function],
        "getActions": [Function],
        "getState": [Function],
        "replaceReducer": [Function],
        "subscribe": [Function],
      },
      "subscription": Subscription {
        "handleChangeWrapper": [Function],
        "listeners": Object {
          "notify": [Function],
        },
        "onStateChange": [Function],
        "parentSub": undefined,
        "store": Object {
          "clearActions": [Function],
          "dispatch": [Function],
          "getActions": [Function],
          "getState": [Function],
          "replaceReducer": [Function],
          "subscribe": [Function],
        },
        "unsubscribe": null,
      },
    }
  }
>
  <Memo(Connect(WithReviewForm))
    isFormDisabled={false}
    onRatingChange={[Function]}
    onSubmit={[Function]}
    onTextAreaChange={[Function]}
    rating={5}
    review="some comment from user"
  />
</Context.Provider>
`;
