// Jest Snapshot v1, https://goo.gl/fbAQLP

exports[`Component rendered correctly -> PrivateRoute with AuthorizationStatus.AUTH 1`] = `
<Route
  exact={true}
  path="/"
  render={[Function]}
/>
`;

exports[`Component rendered correctly -> PrivateRoute with AuthorizationStatus.NO_AUTH 1`] = `
<Route
  exact={true}
  path="/"
  render={[Function]}
/>
`;
