// Jest Snapshot v1, https://goo.gl/fbAQLP

exports[`Component rendered correctly -> PremiumLabel is false 1`] = `null`;

exports[`Component rendered correctly -> PremiumLabel is true 1`] = `
<div
  className="property__mark"
>
  <span>
    Premium
  </span>
</div>
`;
