// Jest Snapshot v1, https://goo.gl/fbAQLP

exports[`Component rendered correctly -> Preloader 1`] = `
<h3
  className="near-places__title"
>
  Loading data...
</h3>
`;
