// Jest Snapshot v1, https://goo.gl/fbAQLP

exports[`HOC rendered correctly -> withSorting 1`] = `<div />`;
