// Jest Snapshot v1, https://goo.gl/fbAQLP

exports[`Component rendered correctly -> App 1`] = `
<Router
  history={
    Object {
      "action": "POP",
      "block": [Function],
      "createHref": [Function],
      "go": [Function],
      "goBack": [Function],
      "goForward": [Function],
      "length": 1,
      "listen": [Function],
      "location": Object {
        "hash": "",
        "pathname": "/",
        "search": "",
        "state": undefined,
      },
      "push": [Function],
      "replace": [Function],
    }
  }
>
  <Switch>
    <Route
      exact={true}
      path="/login"
    >
      <Memo(Connect(WithLogin)) />
    </Route>
    <Memo(Connect(PrivateRoute))
      exact={true}
      path="/favorites"
      render={[Function]}
    />
    <Route
      exact={true}
      path="/offer/:id?"
      render={[Function]}
    />
    <Route
      path="/"
    >
      <Memo(Connect(Main)) />
    </Route>
  </Switch>
</Router>
`;
