// Jest Snapshot v1, https://goo.gl/fbAQLP

exports[`Component rendered correctly -> CityList 1`] = `
<div
  className="tabs"
>
  <section
    className="locations container"
  >
    <ul
      className="locations__list tabs__list"
    >
      <li
        className="locations__item"
      >
        <a
          aria-current="page"
          className="locations__item-link tabs__item  active"
          href="/"
          onClick={[Function]}
          style={Object {}}
        >
          <span>
            Paris
          </span>
        </a>
      </li>
      <li
        className="locations__item"
      >
        <a
          aria-current="page"
          className="locations__item-link tabs__item  active"
          href="/"
          onClick={[Function]}
          style={Object {}}
        >
          <span>
            Cologne
          </span>
        </a>
      </li>
      <li
        className="locations__item"
      >
        <a
          aria-current="page"
          className="locations__item-link tabs__item  active"
          href="/"
          onClick={[Function]}
          style={Object {}}
        >
          <span>
            Brussels
          </span>
        </a>
      </li>
      <li
        className="locations__item"
      >
        <a
          aria-current="page"
          className="locations__item-link tabs__item tabs__item--active active"
          href="/"
          onClick={[Function]}
          style={Object {}}
        >
          <span>
            Amsterdam
          </span>
        </a>
      </li>
      <li
        className="locations__item"
      >
        <a
          aria-current="page"
          className="locations__item-link tabs__item  active"
          href="/"
          onClick={[Function]}
          style={Object {}}
        >
          <span>
            Hamburg
          </span>
        </a>
      </li>
      <li
        className="locations__item"
      >
        <a
          aria-current="page"
          className="locations__item-link tabs__item  active"
          href="/"
          onClick={[Function]}
          style={Object {}}
        >
          <span>
            Dusseldorf
          </span>
        </a>
      </li>
    </ul>
  </section>
</div>
`;
